// Jest Snapshot v1, https://goo.gl/fbAQLP

exports[`should render correctly <FlightList> 1`] = `ReactWrapper {}`;
