// Jest Snapshot v1, https://goo.gl/fbAQLP

exports[`FlightList component renders successfully 1`] = `ShallowWrapper {}`;
